Querying perplexity using sonar-pro for: What is TypeScript? with maxTokens: 8000
